C51 COMPILER V9.60.7.0   KEY_TIMER                                                         03/05/2023 11:00:38 PAGE 1   


C51 COMPILER V9.60.7.0, COMPILATION OF MODULE KEY_TIMER
OBJECT MODULE PLACED IN .\Objects\key_Timer.obj
COMPILER INVOKED BY: E:\keil5_MDKorC51\C51\BIN\C51.EXE key_Timer.c OPTIMIZE(8,SPEED) BROWSE DEBUG OBJECTEXTEND PRINT(.\L
                    -istings\key_Timer.lst) TABS(2) OBJECT(.\Objects\key_Timer.obj)

line level    source

   1          #include <REGX52.H>
   2          #include "Delay.h"
   3          /*
   4          unsigned char key()//获取独立按键键码
   5          {
   6              unsigned char KeyNumber = 0;
   7              
   8              if(P3_1 == 0){Delay(20); while(P3_1 == 0); Delay(20); KeyNumber = 1;}
   9              if(P3_0 == 0){Delay(20); while(P3_0 == 0); Delay(20); KeyNumber = 2;}
  10              if(P3_2 == 0){Delay(20); while(P3_2 == 0); Delay(20); KeyNumber = 3;}
  11              if(P3_3 == 0){Delay(20); while(P3_3 == 0); Delay(20); KeyNumber = 4;}
  12              
  13              return KeyNumber;
  14          }
  15          */
  16          u8 Global_Key;
*** ERROR C129 IN LINE 16 OF key_Timer.c: missing ';' before 'Global_Key'
  17          unsigned char not_delay_key()//获取独立按键键码
  18          {
  19              unsigned char KeyNumber = 0;
  20              
  21              if(P3_1 == 0){KeyNumber = 1;}
  22              if(P3_0 == 0){KeyNumber = 2;}
  23              if(P3_2 == 0){KeyNumber = 3;}
  24              if(P3_3 == 0){KeyNumber = 4;}
  25              
  26              return KeyNumber;
  27          }
  28          void key_timer()
  29          {
  30              static u8 last;
  31              static u8 now;
  32              last = now;
  33              now = not_delay_key();
  34              if(last == 1 && now == 0)
  35                  Global_Key = 1;
  36              if(last == 2 && now == 0)
  37                  Global_Key = 2;
  38              if(last == 3 && now == 0)
  39                  Global_Key = 3;
  40              if(last == 4 && now == 0)
  41                  Global_Key = 4;
  42          }
  43          
  44          u8 retmain_key()
  45          {
  46              u8 tmp = 0;
  47              tmp = Global_Key;
  48              Global_Key = 0;
  49              return tmp;
  50          }
  51          
  52          
  53          
C51 COMPILER V9.60.7.0   KEY_TIMER                                                         03/05/2023 11:00:38 PAGE 2   

  54          
  55          
  56          

C51 COMPILATION COMPLETE.  0 WARNING(S),  1 ERROR(S)
