C51 COMPILER V9.54   MAIN                                                                  01/06/2023 19:39:40 PAGE 1   


C51 COMPILER V9.54, COMPILATION OF MODULE MAIN
OBJECT MODULE PLACED IN .\Objects\main.obj
COMPILER INVOKED BY: E:\Keil5 C51\C51\BIN\C51.EXE main.c OPTIMIZE(8,SPEED) BROWSE DEBUG OBJECTEXTEND PRINT(.\Listings\ma
                    -in.lst) OBJECT(.\Objects\main.obj)

line level    source

   1          #include <REGX52.H>
   2          #include "Delay.h"
   3          
   4          
   5          sbit RCK = P3^5;//不能用P3_5,P3^5意思是P3的第五位。sbit类似typedef
   6                          //在regx52中P3_5已经被声明地址为0xB5，所以RCK就可以被赋值为P3^5
   7          sbit SCK = P3^6;
   8          sbit SER = P3^4; 
   9          //RCK给1是数据全部发送，SCK给1是向下压一位，SER是保存1bit数据的位
  10          /*
  11          void _74HC595_WriteByte(u8 byte)
  12          {
  13              u8 count = 0;
  14              while(byte!=0 || count < 8)
  15              {
  16                  SER = byte & 0x80;//byte与上0x80，要么是0要么是非0既是1,按位与
  17                  SCK = 1;
  18                  SCK = 0;
  19                  byte = byte << 1;
  20                  count++;
  21              }
  22              RCK = 1;
  23              RCK = 0;
  24          }
  25          */
  26          /*
  27          void _74HC595_WriteByte1(u8 byte)
  28          {
  29              u8 i = 0;
  30              u8 tmp = byte;
  31              for(;i<8;i++)
  32              {
  33                  byte = byte<<i;
  34                  SER = byte & 0x80;//byte与上0x80，要么是0要么是非0既是1,按位与
  35                  SCK = 1;
  36                  SCK = 0;
  37                  byte = tmp;
  38              }
  39              RCK = 1;
  40              RCK = 0;
  41          }
  42          */
  43          void _74HC595_WriteByte2(u8 byte)//控制行的高低电平
  44          {
  45   1          u8 i = 0;
  46   1          for(;i<8;i++)
  47   1          {
  48   2              SER = byte & (0x80>>i);
  49   2              SCK = 1;
  50   2              SCK = 0;
  51   2          }
  52   1          RCK = 1;
  53   1          RCK = 0;
  54   1      }
C51 COMPILER V9.54   MAIN                                                                  01/06/2023 19:39:40 PAGE 2   

  55          
  56          void LEDjuzhen_ShowGraph(u8 col, u8 dat)//控制列的高低电平
  57          {
  58   1          _74HC595_WriteByte2(dat);
  59   1          P0 = ~(0x80>>col);
  60   1          Delay(1);
  61   1          P0 = 0xFF;
  62   1      }
  63          
  64          int main(void)
  65          {
  66   1          SCK = 0;
  67   1          RCK = 0;
  68   1          
  69   1              for(;;)
  70   1              {
  71   2              LEDjuzhen_ShowGraph(0,0x00);
  72   2              LEDjuzhen_ShowGraph(1,0x78);
  73   2              LEDjuzhen_ShowGraph(2,0x84);
  74   2              LEDjuzhen_ShowGraph(3,0x82);
  75   2              LEDjuzhen_ShowGraph(4,0x41);
  76   2              LEDjuzhen_ShowGraph(5,0x82);
  77   2              LEDjuzhen_ShowGraph(6,0x84);
  78   2              LEDjuzhen_ShowGraph(7,0x78);
  79   2              }
  80   1              return 0;
  81   1      }
*** WARNING C294 IN LINE 80 OF main.c: unreachable code


MODULE INFORMATION:   STATIC OVERLAYABLE
   CODE SIZE        =    142    ----
   CONSTANT SIZE    =   ----    ----
   XDATA SIZE       =   ----    ----
   PDATA SIZE       =   ----    ----
   DATA SIZE        =   ----    ----
   IDATA SIZE       =   ----    ----
   BIT SIZE         =   ----    ----
END OF MODULE INFORMATION.


C51 COMPILATION COMPLETE.  1 WARNING(S),  0 ERROR(S)
